Maula Albi